<testsuites id="" name="" tests="4" failures="0" skipped="0" errors="0" time="3.868661">
<testsuite name="apiTest.spec.js" timestamp="2025-06-24T19:09:55.273Z" hostname="chromium" tests="4" failures="0" skipped="0" time="1.729" errors="0">
<testcase name="should return users" classname="apiTest.spec.js" time="0.933">
<system-out>
<![CDATA[{
  page: [33m2[39m,
  per_page: [33m6[39m,
  total: [33m12[39m,
  total_pages: [33m2[39m,
  data: [
    {
      id: [33m7[39m,
      email: [32m'michael.lawson@reqres.in'[39m,
      first_name: [32m'Michael'[39m,
      last_name: [32m'Lawson'[39m,
      avatar: [32m'https://reqres.in/img/faces/7-image.jpg'[39m
    },
    {
      id: [33m8[39m,
      email: [32m'lindsay.ferguson@reqres.in'[39m,
      first_name: [32m'Lindsay'[39m,
      last_name: [32m'Ferguson'[39m,
      avatar: [32m'https://reqres.in/img/faces/8-image.jpg'[39m
    },
    {
      id: [33m9[39m,
      email: [32m'tobias.funke@reqres.in'[39m,
      first_name: [32m'Tobias'[39m,
      last_name: [32m'Funke'[39m,
      avatar: [32m'https://reqres.in/img/faces/9-image.jpg'[39m
    },
    {
      id: [33m10[39m,
      email: [32m'byron.fields@reqres.in'[39m,
      first_name: [32m'Byron'[39m,
      last_name: [32m'Fields'[39m,
      avatar: [32m'https://reqres.in/img/faces/10-image.jpg'[39m
    },
    {
      id: [33m11[39m,
      email: [32m'george.edwards@reqres.in'[39m,
      first_name: [32m'George'[39m,
      last_name: [32m'Edwards'[39m,
      avatar: [32m'https://reqres.in/img/faces/11-image.jpg'[39m
    },
    {
      id: [33m12[39m,
      email: [32m'rachel.howell@reqres.in'[39m,
      first_name: [32m'Rachel'[39m,
      last_name: [32m'Howell'[39m,
      avatar: [32m'https://reqres.in/img/faces/12-image.jpg'[39m
    }
  ],
  support: {
    url: [32m'https://contentcaddy.io?utm_source=reqres&utm_medium=json&utm_campaign=referral'[39m,
    text: [32m'Tired of writing endless social media content? Let Content Caddy generate it for you.'[39m
  }
}
]]>
</system-out>
</testcase>
<testcase name="should create a user" classname="apiTest.spec.js" time="0.25">
<system-out>
<![CDATA[{
  name: [32m'John Doe'[39m,
  job: [32m'Automation Engineer'[39m,
  id: [32m'100'[39m,
  createdAt: [32m'2025-06-24T19:09:57.716Z'[39m
}
]]>
</system-out>
</testcase>
<testcase name="should update a user" classname="apiTest.spec.js" time="0.291">
<system-out>
<![CDATA[[90mundefined[39m
{
  name: [32m'Jane Doe'[39m,
  job: [32m'QA Engineer'[39m,
  updatedAt: [32m'2025-06-24T19:09:58.022Z'[39m
}
]]>
</system-out>
</testcase>
<testcase name="should delete a user" classname="apiTest.spec.js" time="0.255">
</testcase>
</testsuite>
</testsuites>